// Jest Snapshot v1, https://goo.gl/fbAQLP

exports[`Pruebas en <PrimeraApp /> debe de mostrar <PrimeraApp /> correctamente 1`] = `
<Fragment>
  <h1>
    Hola, soy Germán
    !!!
  </h1>
  <p>
    Subtítulo por defeco
  </p>
</Fragment>
`;
