// Jest Snapshot v1, https://goo.gl/fbAQLP

exports[`Pruebas en el <AddCategory /> Debe mostrar la imagen correspondiente 1`] = `
<form
  onSubmit={[Function]}
>
  <input
    onChange={[Function]}
    type="text"
    value=""
  />
</form>
`;
